Breaker;voltageLevel;Status;NetworkPower;Variable;AppliedTimeSeries;UnusedTimeSeries
