Generator;substation;voltageLevel;targetP;minP;maxP;Status;NetworkPower;Variable;AppliedTimeSeries;UnusedTimeSeries
FSSV.O11_G;FSSV.;FSSV.O1;480;0;500;;1000;maxP;Pmax;-
FSSV.O12_G;FSSV.;FSSV.O1;480;0;500;;1000;maxP;Pmax;-
FSSV.O11_G;FSSV.;FSSV.O1;480;0;500;;0;minP;Pmin;-
FSSV.O12_G;FSSV.;FSSV.O1;480;0;500;;0;minP;Pmin;-
FVALDI12_G;FVALD;FVALDI1;0;-100;2500;Mapped;0;targetP;targetP_12_13;-
FVALDI13_G;FVALD;FVALDI1;0;500;1000;Multi-mapped;0;targetP;targetP_13;targetP_12_13
FVALDI14_G;FVALD;FVALDI1;0;-1000;-1000;Multi-mapped;0;targetP;targetP_14_ts3;targetP_14_ts2
;;;;;;;;;;targetP_14_ts1
