HvdcLine;voltageLevel1;voltageLevel2;convertersMode;activePowerSetpoint;minP;maxP;Status;NetworkPower;Variable;AppliedTimeSeries;UnusedTimeSeries
