Pst;currentTap;Status;NetworkPower;Variable;AppliedTimeSeries;UnusedTimeSeries
