Generator;substation;voltageLevel;targetP;minP;maxP;Status;NetworkPower;Variable;AppliedTimeSeries;UnusedTimeSeries
FVALDI11_G;FVALD;FVALDI1;0;0;2000;Ignored unmapped;-;-;-;-
