Load;substation;voltageLevel;p0;fixedActivePower;variableActivePower;Status;NetworkPower;Variable;AppliedTimeSeries;UnusedTimeSeries
