Mapping synthesis:
+------------------+------------+-------+---------------+-----------+------+----------+
|                  | Generators | Loads | BoundaryLines | HvdcLines | Psts | Breakers |
+------------------+------------+-------+---------------+-----------+------+----------+
| Mapped           | 3          | 0     | 0             | 0         | 0    | 0        |
| Unmapped         | 4          | 3     | 0             | 2         | 1    | -        |
| Multi-mapped     | 2          | 0     | 0             | 0         | 0    | 0        |
| Ignored unmapped | 1          | 0     | 0             | 0         | 0    | -        |
| Disconnected     | 1          | 0     | 0             | -         | -    | -        |
| Out of main cc   | 0          | 0     | 0             | -         | -    | -        |
+------------------+------------+-------+---------------+-----------+------+----------+
Variable synthesis:
+---------------------+------------+-------+---------------+-----------+------+----------+
|                     | Generators | Loads | BoundaryLines | HvdcLines | Psts | Breakers |
+---------------------+------------+-------+---------------+-----------+------+----------+
| targetP             | 3          | -     | -             | -         | -    | -        |
| minP                | 2          | -     | -             | 0         | -    | -        |
| maxP                | 2          | -     | -             | 0         | -    | -        |
| p0                  | -          | 0     | 0             | -         | -    | -        |
| fixedActivePower    | -          | 0     | -             | -         | -    | -        |
| variableActivePower | -          | 0     | -             | -         | -    | -        |
| activePowerSetpoint | -          | -     | -             | 0         | -    | -        |
| phaseTapPosition    | -          | -     | -             | -         | 0    | -        |
| open                | -          | -     | -             | -         | -    | 0        |
+---------------------+------------+-------+---------------+-----------+------+----------+
