Generator;substation;voltageLevel;targetP;minP;maxP;Status;NetworkPower;Variable;AppliedTimeSeries;UnusedTimeSeries
