TimeSeries;MinPower;MaxPower;AveragePower;NetworkPower;Variable;Loads
