TimeSeries;MinPower;MaxPower;AveragePower;NetworkPower;Variable;Breakers
