TimeSeries;MinPower;MaxPower;AveragePower;NetworkPower;Variable;HvdcLines
