Pst;currentTap;Status;NetworkPower;Variable;AppliedTimeSeries;UnusedTimeSeries
FP.AND1  FTDPRA1  1;16;Unmapped;-;-;-;-
