time;FSSV.O11_G_maxP;FSSV.O11_G_minP;FSSV.O12_G_maxP;FSSV.O12_G_minP;FVALDI12_G_targetP;FVALDI13_G_targetP;FVALDI14_G_targetP
2015-01-01T01:00:00Z;500.0;5.0;500.0;5.0;500.0;700.0;-1000.0
2015-01-01T02:00:00Z;1000.0;10.0;1000.0;10.0;600.0;800.0;-1000.0