Type;Label;Time;Variant;Version;Message
WARNING;limit change;2015-01-01T01:00:00Z;0;1;Max limit of FSSV.O12_G has been changed from 0.0 to 3001.0
WARNING;range warning;2015-01-01T01:00:00Z;0;1;Value 480.0 of FSSV.O11_G is not included in 0.0 to 100.0
WARNING;range warning;2015-01-01T02:00:00Z;1;1;Value 480.0 of FSSV.O11_G is not included in 0.0 to 100.0
