Time;Version;FSSV.O1_targetP;FVALDI1_targetP;FVERGE1_targetP
2015-01-01T01:00:00Z;1;1060.0;-1000.0;0.0
2015-01-01T02:00:00Z;1;1060.0;-1000.0;0.0
2015-01-01T03:00:00Z;1;1060.0;-1000.0;0.0
2015-01-01T04:00:00Z;1;1060.0;-1000.0;0.0
2015-01-01T05:00:00Z;1;1060.0;-1000.0;0.0
