time;FSSV.O11_G_maxP;FSSV.O11_G_minP;FSSV.O12_G_targetP
2015-01-01T01:00:00Z;100.0;10.0;9.999999747378752E-5
2015-01-01T02:00:00Z;100.0;11.0;9.999999747378752E-5