BoundaryLine;Status;NetworkPower;Variable;AppliedTimeSeries;UnusedTimeSeries
