Breaker;paysCvg;voltageLevel;Status;NetworkPower;Variable;AppliedTimeSeries;UnusedTimeSeries
