Generator;paysCvg;substation;voltageLevel;regionDI;genreCvg;entsoeCategory;targetP;minP;maxP;Status;NetworkPower;Variable;AppliedTimeSeries;UnusedTimeSeries
FVALDI16_G;FRANCE;FVALD;FVALDI1;;CHARBON;;0;0;0;Disconnected;-;-;-;-
