Generator;paysCvg;substation;voltageLevel;regionDI;genreCvg;entsoeCategory;targetP;minP;maxP;Status;NetworkPower;Variable;AppliedTimeSeries;UnusedTimeSeries
FSSV.O11_G;FRANCE;FSSV.;FSSV.O1;;CHARBON;;480;0;500;;1000;maxP;Pmax;-
FSSV.O12_G;FRANCE;FSSV.;FSSV.O1;;CHARBON;;480;0;500;;1000;maxP;Pmax;-
FSSV.O11_G;FRANCE;FSSV.;FSSV.O1;;CHARBON;;480;0;500;;0;minP;Pmin;-
FSSV.O12_G;FRANCE;FSSV.;FSSV.O1;;CHARBON;;480;0;500;;0;minP;Pmin;-
FVALDI12_G;FRANCE;FVALD;FVALDI1;;CHARBON;;0;-100;2500;Mapped;0;targetP;targetP_12_13;-
FVALDI13_G;FRANCE;FVALD;FVALDI1;;CHARBON;;0;500;1000;Multi-mapped;0;targetP;targetP_13;targetP_12_13
FVALDI14_G;FRANCE;FVALD;FVALDI1;;CHARBON;;0;-1000;-1000;Multi-mapped;0;targetP;targetP_14_ts3;targetP_14_ts2
;;;;;;;;;;;;;;targetP_14_ts1
