Load;paysCvg;substation;voltageLevel;regionDI;p0;fixedActivePower;variableActivePower;Status;NetworkPower;Variable;AppliedTimeSeries;UnusedTimeSeries
