TimeSeries;MinPower;MaxPower;AveragePower;NetworkPower;Variable;Psts
