TimeSeries;MinPower;MaxPower;AveragePower;NetworkPower;Variable;BoundaryLines
