Version 1
Balance at 2015-01-01T01:00:00Z: 3075,0
Balance at 2015-01-01T02:00:00Z: 3150,0
Balance summary: min=0 MWh, max=15 MWh, average=7.5 MWh
