Time;Version;ts1;ts2
2000-12-31T23:00:00Z;1;1.0;1.0
2001-01-01T00:00:00Z;1;2.0;3.0
2001-01-01T01:00:00Z;1;3.0;5.0
