WARNING;Parades topologiques;La parade à la ligne 2 ne sera pas prise en compte car le défaut ctyId n'est pas défini dans le script de défauts
