Version 1
Balance at 2015-01-01T01:00:00Z: 2065.0
Balance at 2015-01-01T02:00:00Z: 2170.0
Balance summary: min=2065 MWh, max=2170 MWh, average=2117.5 MWh
