Time;Version 1
2015-01-01T01:00:00Z;2065
2015-01-01T02:00:00Z;2170
