Version 1
Balance at 2015-01-01T01:00:00Z: 0,0
Balance at 2015-01-01T02:00:00Z: 0,0
Balance summary: min=0 MWh, max=0 MWh, average=0 MWh
